NumberOfDatasets,12
Dataset,simpleScannable1,simpleScannable1
11
0.0,1.0,2.0,3.0,4.0,5.0,6.0,7.0,8.0,9.0,10.0
Dataset,simpleScannable2,simpleScannable2
11
0.0,0.0,0.0,0.0,0.0,0.0,0.0,0.0,0.0,0.0,0.0
Dataset,SimpleDetector1.SimpleDetector1_0,SimpleDetector1.SimpleDetector1_0
11
0.0,0.0,0.0,0.0,0.0,0.0,0.0,0.0,0.0,0.0,0.0
Dataset,SimpleDetector1.SimpleDetector1_1,SimpleDetector1.SimpleDetector1_1
11
1.0,1.0,1.0,1.0,1.0,1.0,1.0,1.0,1.0,1.0,1.0
Dataset,SimpleDetector1.SimpleDetector1_2,SimpleDetector1.SimpleDetector1_2
11
2.0,2.0,2.0,2.0,2.0,2.0,2.0,2.0,2.0,2.0,2.0
Dataset,SimpleDetector1.SimpleDetector1_3,SimpleDetector1.SimpleDetector1_3
11
3.0,3.0,3.0,3.0,3.0,3.0,3.0,3.0,3.0,3.0,3.0
Dataset,SimpleDetector1.SimpleDetector1_4,SimpleDetector1.SimpleDetector1_4
11
4.0,4.0,4.0,4.0,4.0,4.0,4.0,4.0,4.0,4.0,4.0
Dataset,SimpleDetector1.SimpleDetector1_5,SimpleDetector1.SimpleDetector1_5
11
5.0,5.0,5.0,5.0,5.0,5.0,5.0,5.0,5.0,5.0,5.0
Dataset,SimpleDetector1.SimpleDetector1_6,SimpleDetector1.SimpleDetector1_6
11
6.0,6.0,6.0,6.0,6.0,6.0,6.0,6.0,6.0,6.0,6.0
Dataset,SimpleDetector1.SimpleDetector1_7,SimpleDetector1.SimpleDetector1_7
11
7.0,7.0,7.0,7.0,7.0,7.0,7.0,7.0,7.0,7.0,7.0
Dataset,SimpleDetector1.SimpleDetector1_8,SimpleDetector1.SimpleDetector1_8
11
8.0,8.0,8.0,8.0,8.0,8.0,8.0,8.0,8.0,8.0,8.0
Dataset,SimpleDetector1.SimpleDetector1_9,SimpleDetector1.SimpleDetector1_9
11
9.0,9.0,9.0,9.0,9.0,9.0,9.0,9.0,9.0,9.0,9.0
